Test typing output
